main.c:135:5:_write	24	static
main.c:141:9:MPU9250_Read	40	static
main.c:148:9:AK8963_Read	40	static
main.c:156:6:MPU9250_Write	32	static
main.c:161:6:AK8963_Write	32	static
main.c:166:6:init_AK8963	16	static
main.c:180:6:init_MPU9250	16	static
main.c:202:6:MPU9250_Write_bits	48	static
main.c:222:6:AK8963_Write_bits	48	static
main.c:242:6:read_MPU9250_data	16	static
main.c:252:6:read_AK8963_data	16	static
main.c:266:6:calc_angle_gap	8	static
main.c:272:6:MPU9250_Calibration	48	static
main.c:291:6:AK8963_Offset	64	static
main.c:324:7:get_init_angle	424	static
main.c:338:6:Sensor_Calculate	24	static
main.c:386:10:micros	4	static
main.c:390:6:HAL_Delay	24	static
main.c:396:6:delay_us	32	static
main.c:428:6:motor_control	56	static
main.c:599:6:motor1_Angle	24	static
main.c:636:6:motor2_Angle	24	static
main.c:687:7:DoFullPID1	16	static
main.c:714:7:DoFullPID2	24	static
main.c:731:6:HAL_TIM_PeriodElapsedCallback	16	static
main.c:754:5:main	24	static
main.c:832:6:SystemClock_Config	72	static
main.c:870:13:MX_I2C1_Init	8	static
main.c:904:13:MX_TIM1_Init	80	static
main.c:977:13:MX_TIM2_Init	48	static
main.c:1034:13:MX_TIM4_Init	32	static
main.c:1079:13:MX_USART2_UART_Init	8	static
main.c:1112:13:MX_GPIO_Init	40	static
main.c:1164:6:Error_Handler	4	static
